
FAILURE: Build failed with an exception.

* Where:
Build file '/app/Android/src/build.gradle.kts' line: 18

* What went wrong:
Plugin [id: 'com.google.dagger.hilt.android', version: '2.58', apply: false] was not found in any of the following sources:

- Gradle Core Plugins (plugin is not in 'org.gradle' namespace)
- Included Builds (No included builds contain this plugin)
- Plugin Repositories (could not resolve plugin artifact 'com.google.dagger.hilt.android:com.google.dagger.hilt.android.gradle.plugin:2.58')
  Searched in the following repositories:
    Google
    MavenRepo
    Gradle Central Plugin Repository

* Try:
> Run with --stacktrace option to get the stack trace.
> Run with --info or --debug option to get more log output.
> Run with --scan to generate a Build Scan (powered by Develocity).
> Get more help at https://help.gradle.org.

BUILD FAILED in 13s
